// Jest Snapshot v1, https://goo.gl/fbAQLP

exports[`App component renders App 1`] = `
<BrowserRouter>
  <Header />
  <Route
    component={[Function]}
    exact={true}
    path="/"
  />
  <Route
    component={[Function]}
    path="/artist/:artistId/:artist"
  />
  <Route
    component={[Function]}
    path="/release/:releaseId/:artist"
  />
  <Route
    component={[Function]}
    path="/lyrics/:artist/:title"
  />
</BrowserRouter>
`;
